This is e-upTeX, Version 3.141592653-p4.1.1-u1.30-230214-2.6 (utf8.euc) (TeX Live 2024) (preloaded format=platex 2024.11.15)  14 JAN 2025 19:28
entering extended mode
 restricted \write18 enabled.
 %&-line parsing enabled.
**tc-2024-sympo-sample.tex
(./tc-2024-sympo-sample.tex
pLaTeX2e <2023-02-14>+1, based on
LaTeX2e <2024-11-01>
L3 programming layer <2024-11-02>
(./jsproceedings.cls
**** LaTeX2e Document Class for Proceedings ****
(/usr/local/texlive/2024/texmf-dist/tex/platex/jsclasses/jsarticle.cls
Document Class: jsarticle 2023/02/23 jsclasses (okumura, texjporg)
Class jsarticle Info: Autodetected engine: pLaTeX on input line 236.
\jsc@mpt=\dimen157
\jsc@mmm=\dimen158
\jsc@smallskipamount=\skip49
LaTeX Info: Redefining \textmc on input line 511.
LaTeX Info: Redefining \textgt on input line 513.
\symmincho=\mathgroup4
LaTeX Font Info:    Overwriting symbol font `mincho' in version `bold'
(Font)                  JY1/mc/m/n --> JY1/gt/m/n on input line 575.
LaTeX Font Info:    Font shape `JT1/mc/m/n' will be
(Font)              scaled to size 9.60999pt on input line 769.
LaTeX Font Info:    Font shape `JY1/mc/m/n' will be
(Font)              scaled to size 9.60999pt on input line 769.
\fullwidth=\dimen159
LaTeX Font Info:    Font shape `JT1/mc/m/n' will be
(Font)              scaled to size 7.68799pt on input line 922.
LaTeX Font Info:    Font shape `JY1/mc/m/n' will be
(Font)              scaled to size 7.68799pt on input line 922.
\c@part=\count195
\c@section=\count196
\c@subsection=\count197
\c@subsubsection=\count198
\c@paragraph=\count199
\c@subparagraph=\count266
\@abstractbox=\box69
\c@figure=\count267
\c@table=\count268
\abovecaptionskip=\skip50
\belowcaptionskip=\skip51
\jsc@tocl@width=\dimen160
\@lnumwidth=\dimen161
\bibindent=\dimen162
(/usr/local/texlive/2024/texmf-dist/tex/platex/jsclasses/jslogo.sty
Package: jslogo 2019/07/25 okumura, texjporg
LaTeX Info: Redefining \TeX on input line 82.
LaTeX Info: Redefining \LaTeX on input line 135.
LaTeX Info: Redefining \LaTeXe on input line 188.
)
\heisei=\count269
)
(/usr/local/texlive/2024/texmf-dist/tex/latex/graphics/graphicx.sty
Package: graphicx 2021/09/16 v1.2d Enhanced LaTeX Graphics (DPC,SPQR)

(/usr/local/texlive/2024/texmf-dist/tex/latex/graphics/keyval.sty
Package: keyval 2022/05/29 v1.15 key=value parser (DPC)
\KV@toks@=\toks18
)
(/usr/local/texlive/2024/texmf-dist/tex/latex/graphics/graphics.sty
Package: graphics 2024/08/06 v1.4g Standard LaTeX Graphics (DPC,SPQR)

(/usr/local/texlive/2024/texmf-dist/tex/latex/graphics/trig.sty
Package: trig 2023/12/02 v1.11 sin cos tan (DPC)
)
(/usr/local/texlive/2024/texmf-dist/tex/latex/graphics-cfg/graphics.cfg
File: graphics.cfg 2016/06/04 v1.11 sample graphics configuration
)
Package graphics Info: Driver file: dvipdfmx.def on input line 106.

(/usr/local/texlive/2024/texmf-dist/tex/latex/graphics-def/dvipdfmx.def
File: dvipdfmx.def 2022/09/22 v5.0m Graphics/color driver for dvipdfmx
))
\Gin@req@height=\dimen163
\Gin@req@width=\dimen164
)
(/usr/local/texlive/2024/texmf-dist/tex/latex/subfig/subfig.sty
Package: subfig 2005/06/28 ver: 1.3 subfig package

(/usr/local/texlive/2024/texmf-dist/tex/latex/caption/caption3.sty
Package: caption3 2023/07/31 v2.4d caption3 kernel (AR)
\caption@tempdima=\dimen165
\captionmargin=\dimen166
\caption@leftmargin=\dimen167
\caption@rightmargin=\dimen168
\caption@width=\dimen169
\caption@indent=\dimen170
\caption@parindent=\dimen171
\caption@hangindent=\dimen172
Package caption Info: Unknown document class (or package),
(caption)             standard defaults will be used.
Package caption Info: \@makecaption = \long macro:#1#2->{\small \advance \lefts
kip .0628\linewidth \advance \rightskip .0628\linewidth \vskip \abovecaptionski
p \sbox \@tempboxa {#1\hskip 1zw\relax #2}\ifdim \wd \@tempboxa <\hsize \center
ing \fi #1{\hskip 1zw\relax }#2\par \vskip \belowcaptionskip } on input line 11
75.
)
\c@KVtest=\count270
\sf@farskip=\skip52
\sf@captopadj=\dimen173
\sf@capskip=\skip53
\sf@nearskip=\skip54
\c@subfigure=\count271
\c@subfigure@save=\count272
\c@lofdepth=\count273
\c@subtable=\count274
\c@subtable@save=\count275
\c@lotdepth=\count276
\sf@top=\skip55
\sf@bottom=\skip56
)
(/usr/local/texlive/2024/texmf-dist/tex/latex/booktabs/booktabs.sty
Package: booktabs 2020/01/12 v1.61803398 Publication quality tables
\heavyrulewidth=\dimen174
\lightrulewidth=\dimen175
\cmidrulewidth=\dimen176
\belowrulesep=\dimen177
\belowbottomsep=\dimen178
\aboverulesep=\dimen179
\abovetopsep=\dimen180
\cmidrulesep=\dimen181
\cmidrulekern=\dimen182
\defaultaddspace=\dimen183
\@cmidla=\count277
\@cmidlb=\count278
\@aboverulesep=\dimen184
\@belowrulesep=\dimen185
\@thisruleclass=\count279
\@lastruleclass=\count280
\@thisrulewidth=\dimen186
)
(/usr/local/texlive/2024/texmf-dist/tex/latex/tools/hhline.sty
Package: hhline 2020/01/04 v2.04 Table rule package (DPC)
)
(/usr/local/texlive/2024/texmf-dist/tex/latex/multirow/multirow.sty
Package: multirow 2024/11/12 v2.9 Span multiple rows of a table
\multirow@colwidth=\skip57
\multirow@cntb=\count281
\multirow@dima=\skip58
\bigstrutjot=\dimen187
)
(/usr/local/texlive/2024/texmf-dist/tex/latex/tools/tabularx.sty
Package: tabularx 2023/12/11 v2.12a `tabularx' package (DPC)

(/usr/local/texlive/2024/texmf-dist/tex/latex/tools/array.sty
Package: array 2024/10/17 v2.6g Tabular extension package (FMi)
\col@sep=\dimen188
\ar@mcellbox=\box70
\extrarowheight=\dimen189
\NC@list=\toks19
\extratabsurround=\skip59
\backup@length=\skip60
\ar@cellbox=\box71
)
\TX@col@width=\dimen190
\TX@old@table=\dimen191
\TX@old@col=\dimen192
\TX@target=\dimen193
\TX@delta=\dimen194
\TX@cols=\count282
\TX@ftn=\toks20
)
(/usr/local/texlive/2024/texmf-dist/tex/latex/eqparbox/eqparbox.sty
Package: eqparbox 2017/09/03 v4.1 Create equal-widthed boxes
\eqp@tempdima=\skip61
\eqp@tempdimb=\skip62
\eqp@tabular@box=\box72
\eqp@list@box=\box73
\eqp@list@indent=\skip63

(/usr/local/texlive/2024/texmf-dist/tex/latex/environ/environ.sty
Package: environ 2014/05/04 v0.3 A new way to define environments

(/usr/local/texlive/2024/texmf-dist/tex/latex/trimspaces/trimspaces.sty
Package: trimspaces 2009/09/17 v1.1 Trim spaces around a token list
)
\@envbody=\toks21
))
(/usr/local/texlive/2024/texmf-dist/tex/latex/threeparttable/threeparttable.sty
Package: threeparttable 2003/06/13  v 3.0
\@tempboxb=\box74
) (/usr/local/texlive/2024/texmf-dist/tex/latex/algorithms/algorithm.sty
Package: algorithm 2009/08/24 v0.1 Document Style `algorithm' - floating enviro
nment

(/usr/local/texlive/2024/texmf-dist/tex/latex/float/float.sty
Package: float 2001/11/08 v1.3d Float enhancements (AL)
\c@float@type=\count283
\float@exts=\toks22
\float@box=\box75
\@float@everytoks=\toks23
\@floatcapt=\box76
)
(/usr/local/texlive/2024/texmf-dist/tex/latex/base/ifthen.sty
Package: ifthen 2024/03/16 v1.1e Standard LaTeX ifthen package (DPC)
)
\@float@every@algorithm=\toks24
\c@algorithm=\count284
)
(/usr/local/texlive/2024/texmf-dist/tex/latex/algorithmicx/algpseudocode.sty
Package: algpseudocode 

(/usr/local/texlive/2024/texmf-dist/tex/latex/algorithmicx/algorithmicx.sty
Package: algorithmicx 2005/04/27 v1.2 Algorithmicx

Document Style algorithmicx 1.2 - a greatly improved `algorithmic' style
\c@ALG@line=\count285
\c@ALG@rem=\count286
\c@ALG@nested=\count287
\ALG@tlm=\skip64
\ALG@thistlm=\skip65
\c@ALG@Lnr=\count288
\c@ALG@blocknr=\count289
\c@ALG@storecount=\count290
\c@ALG@tmpcounter=\count291
\ALG@tmplength=\skip66
)
Document Style - pseudocode environments for use with the `algorithmicx' style
) (/usr/local/texlive/2024/texmf-dist/tex/latex/amsmath/amsmath.sty
Package: amsmath 2024/11/05 v2.17t AMS math features
\@mathmargin=\skip67

For additional information on amsmath, use the `?' option.
(/usr/local/texlive/2024/texmf-dist/tex/latex/amsmath/amstext.sty
Package: amstext 2021/08/26 v2.01 AMS text

(/usr/local/texlive/2024/texmf-dist/tex/latex/amsmath/amsgen.sty
File: amsgen.sty 1999/11/30 v2.0 generic functions
\@emptytoks=\toks25
\ex@=\dimen195
))
(/usr/local/texlive/2024/texmf-dist/tex/latex/amsmath/amsbsy.sty
Package: amsbsy 1999/11/29 v1.2d Bold Symbols
\pmbraise@=\dimen196
)
(/usr/local/texlive/2024/texmf-dist/tex/latex/amsmath/amsopn.sty
Package: amsopn 2022/04/08 v2.04 operator names
)
\inf@bad=\count292
LaTeX Info: Redefining \frac on input line 233.
\uproot@=\count293
\leftroot@=\count294
LaTeX Info: Redefining \overline on input line 398.
LaTeX Info: Redefining \colon on input line 409.
\classnum@=\count295
\DOTSCASE@=\count296
LaTeX Info: Redefining \ldots on input line 495.
LaTeX Info: Redefining \dots on input line 498.
LaTeX Info: Redefining \cdots on input line 619.
\Mathstrutbox@=\box77
\strutbox@=\box78
LaTeX Info: Redefining \big on input line 721.
LaTeX Info: Redefining \Big on input line 722.
LaTeX Info: Redefining \bigg on input line 723.
LaTeX Info: Redefining \Bigg on input line 724.
\big@size=\dimen197
LaTeX Font Info:    Redeclaring font encoding OML on input line 742.
LaTeX Font Info:    Redeclaring font encoding OMS on input line 743.
\macc@depth=\count297
LaTeX Info: Redefining \bmod on input line 904.
LaTeX Info: Redefining \pmod on input line 909.
LaTeX Info: Redefining \smash on input line 939.
LaTeX Info: Redefining \relbar on input line 969.
LaTeX Info: Redefining \Relbar on input line 970.
\c@MaxMatrixCols=\count298
\dotsspace@=\muskip17
\c@parentequation=\count299
\dspbrk@lvl=\count300
\tag@help=\toks26
\row@=\count301
\column@=\count302
\maxfields@=\count303
\andhelp@=\toks27
\eqnshift@=\dimen198
\alignsep@=\dimen199
\tagshift@=\dimen256
\tagwidth@=\dimen257
\totwidth@=\dimen258
\lineht@=\dimen259
\@envbody=\toks28
\multlinegap=\skip68
\multlinetaggap=\skip69
\mathdisplay@stack=\toks29
LaTeX Info: Redefining \[ on input line 2953.
LaTeX Info: Redefining \] on input line 2954.
)
(/usr/local/texlive/2024/texmf-dist/tex/latex/amsfonts/amssymb.sty
Package: amssymb 2013/01/14 v3.01 AMS font symbols

(/usr/local/texlive/2024/texmf-dist/tex/latex/amsfonts/amsfonts.sty
Package: amsfonts 2013/01/14 v3.01 Basic AMSFonts support
\symAMSa=\mathgroup5
\symAMSb=\mathgroup6
LaTeX Font Info:    Redeclaring math symbol \hbar on input line 98.
LaTeX Font Info:    Overwriting math alphabet `\mathfrak' in version `bold'
(Font)                  U/euf/m/n --> U/euf/b/n on input line 106.
))
(/usr/local/texlive/2024/texmf-dist/tex/latex/amscls/amsthm.sty
Package: amsthm 2020/05/29 v2.20.6
\thm@style=\toks30
\thm@bodyfont=\toks31
\thm@headfont=\toks32
\thm@notefont=\toks33
\thm@headpunct=\toks34
\thm@preskip=\skip70
\thm@postskip=\skip71
\thm@headsep=\skip72
\dth@everypar=\toks35
)
(/usr/local/texlive/2024/texmf-dist/tex/latex/base/fontenc.sty
Package: fontenc 2021/04/29 v2.0v Standard LaTeX package
)
(/usr/local/texlive/2024/texmf-dist/tex/latex/lm/lmodern.sty
Package: lmodern 2015/05/01 v1.6.1 Latin Modern Fonts
LaTeX Font Info:    Overwriting symbol font `operators' in version `normal'
(Font)                  OT1/cmr/m/n --> OT1/lmr/m/n on input line 22.
LaTeX Font Info:    Overwriting symbol font `letters' in version `normal'
(Font)                  OML/cmm/m/it --> OML/lmm/m/it on input line 23.
LaTeX Font Info:    Overwriting symbol font `symbols' in version `normal'
(Font)                  OMS/cmsy/m/n --> OMS/lmsy/m/n on input line 24.
LaTeX Font Info:    Overwriting symbol font `largesymbols' in version `normal'
(Font)                  OMX/cmex/m/n --> OMX/lmex/m/n on input line 25.
LaTeX Font Info:    Overwriting symbol font `operators' in version `bold'
(Font)                  OT1/cmr/bx/n --> OT1/lmr/bx/n on input line 26.
LaTeX Font Info:    Overwriting symbol font `letters' in version `bold'
(Font)                  OML/cmm/b/it --> OML/lmm/b/it on input line 27.
LaTeX Font Info:    Overwriting symbol font `symbols' in version `bold'
(Font)                  OMS/cmsy/b/n --> OMS/lmsy/b/n on input line 28.
LaTeX Font Info:    Overwriting symbol font `largesymbols' in version `bold'
(Font)                  OMX/cmex/m/n --> OMX/lmex/m/n on input line 29.
LaTeX Font Info:    Overwriting math alphabet `\mathbf' in version `normal'
(Font)                  OT1/cmr/bx/n --> OT1/lmr/bx/n on input line 31.
LaTeX Font Info:    Overwriting math alphabet `\mathsf' in version `normal'
(Font)                  OT1/cmss/m/n --> OT1/lmss/m/n on input line 32.
LaTeX Font Info:    Overwriting math alphabet `\mathit' in version `normal'
(Font)                  OT1/cmr/m/it --> OT1/lmr/m/it on input line 33.
LaTeX Font Info:    Overwriting math alphabet `\mathtt' in version `normal'
(Font)                  OT1/cmtt/m/n --> OT1/lmtt/m/n on input line 34.
LaTeX Font Info:    Overwriting math alphabet `\mathbf' in version `bold'
(Font)                  OT1/cmr/bx/n --> OT1/lmr/bx/n on input line 35.
LaTeX Font Info:    Overwriting math alphabet `\mathsf' in version `bold'
(Font)                  OT1/cmss/bx/n --> OT1/lmss/bx/n on input line 36.
LaTeX Font Info:    Overwriting math alphabet `\mathit' in version `bold'
(Font)                  OT1/cmr/bx/it --> OT1/lmr/bx/it on input line 37.
LaTeX Font Info:    Overwriting math alphabet `\mathtt' in version `bold'
(Font)                  OT1/cmtt/m/n --> OT1/lmtt/m/n on input line 38.
)
(/usr/local/texlive/2024/texmf-dist/tex/latex/base/textcomp.sty
Package: textcomp 2024/04/24 v2.1b Standard LaTeX package
)
(/usr/local/texlive/2024/texmf-dist/tex/latex/psnfss/mathptmx.sty
Package: mathptmx 2020/03/25 PSNFSS-v9.3 Times w/ Math, improved (SPQR, WaS) 
LaTeX Font Info:    Redeclaring symbol font `operators' on input line 28.
LaTeX Font Info:    Overwriting symbol font `operators' in version `normal'
(Font)                  OT1/lmr/m/n --> OT1/ztmcm/m/n on input line 28.
LaTeX Font Info:    Overwriting symbol font `operators' in version `bold'
(Font)                  OT1/lmr/bx/n --> OT1/ztmcm/m/n on input line 28.
LaTeX Font Info:    Redeclaring symbol font `letters' on input line 29.
LaTeX Font Info:    Overwriting symbol font `letters' in version `normal'
(Font)                  OML/lmm/m/it --> OML/ztmcm/m/it on input line 29.
LaTeX Font Info:    Overwriting symbol font `letters' in version `bold'
(Font)                  OML/lmm/b/it --> OML/ztmcm/m/it on input line 29.
LaTeX Font Info:    Redeclaring symbol font `symbols' on input line 30.
LaTeX Font Info:    Overwriting symbol font `symbols' in version `normal'
(Font)                  OMS/lmsy/m/n --> OMS/ztmcm/m/n on input line 30.
LaTeX Font Info:    Overwriting symbol font `symbols' in version `bold'
(Font)                  OMS/lmsy/b/n --> OMS/ztmcm/m/n on input line 30.
LaTeX Font Info:    Redeclaring symbol font `largesymbols' on input line 31.
LaTeX Font Info:    Overwriting symbol font `largesymbols' in version `normal'
(Font)                  OMX/lmex/m/n --> OMX/ztmcm/m/n on input line 31.
LaTeX Font Info:    Overwriting symbol font `largesymbols' in version `bold'
(Font)                  OMX/lmex/m/n --> OMX/ztmcm/m/n on input line 31.
\symbold=\mathgroup7
\symitalic=\mathgroup8
LaTeX Font Info:    Redeclaring math alphabet \mathbf on input line 34.
LaTeX Font Info:    Overwriting math alphabet `\mathbf' in version `normal'
(Font)                  OT1/lmr/bx/n --> OT1/ptm/bx/n on input line 34.
LaTeX Font Info:    Overwriting math alphabet `\mathbf' in version `bold'
(Font)                  OT1/lmr/bx/n --> OT1/ptm/bx/n on input line 34.
LaTeX Font Info:    Redeclaring math alphabet \mathit on input line 35.
LaTeX Font Info:    Overwriting math alphabet `\mathit' in version `normal'
(Font)                  OT1/lmr/m/it --> OT1/ptm/m/it on input line 35.
LaTeX Font Info:    Overwriting math alphabet `\mathit' in version `bold'
(Font)                  OT1/lmr/bx/it --> OT1/ptm/m/it on input line 35.
LaTeX Info: Redefining \hbar on input line 50.
)
LaTeX Font Info:    Overwriting symbol font `operators' in version `bold'
(Font)                  OT1/ztmcm/m/n --> OT1/txr/bx/n on input line 85.
LaTeX Font Info:    Overwriting symbol font `letters' in version `bold'
(Font)                  OML/ztmcm/m/it --> OML/txmi/bx/it on input line 86.
LaTeX Font Info:    Overwriting symbol font `symbols' in version `bold'
(Font)                  OMS/ztmcm/m/n --> OMS/txsy/bx/n on input line 87.
LaTeX Font Info:    Overwriting symbol font `largesymbols' in version `bold'
(Font)                  OMX/ztmcm/m/n --> OMX/txex/bx/n on input line 88.
LaTeX Font Info:    Redeclaring math alphabet \mathcal on input line 92.

(/usr/local/texlive/2024/texmf-dist/tex/latex/tools/bm.sty
Package: bm 2023/12/19 v1.2f Bold Symbol Support (DPC/FMi)
\symboldoperators=\mathgroup9
\symboldletters=\mathgroup10
\symboldsymbols=\mathgroup11
\symboldlargesymbols=\mathgroup12
Package bm Info: No bold for \U/msa/m/n, using \pmb.
Package bm Info: No bold for \U/msb/m/n, using \pmb.
Package bm Info: No bold for \OT1/ptm/bx/n, using \pmb.
Package bm Info: No bold for \OT1/ptm/m/it, using \pmb.
LaTeX Font Info:    Redeclaring math alphabet \mathbf on input line 149.
)
(/usr/local/texlive/2024/texmf-dist/tex/latex/graphics/color.sty
Package: color 2024/06/23 v1.3e Standard LaTeX Color (DPC)

(/usr/local/texlive/2024/texmf-dist/tex/latex/graphics-cfg/color.cfg
File: color.cfg 2016/01/02 v1.6 sample color configuration
)
Package color Info: Driver file: dvips.def on input line 149.

(/usr/local/texlive/2024/texmf-dist/tex/latex/graphics-def/dvips.def
File: dvips.def 2022/09/22 v3.1e Graphics/color driver for dvips
)
(/usr/local/texlive/2024/texmf-dist/tex/latex/graphics/dvipsnam.def
File: dvipsnam.def 2016/06/17 v3.0m Driver-dependent file (DPC,SPQR)
)
(/usr/local/texlive/2024/texmf-dist/tex/latex/graphics/mathcolor.ltx))
(/usr/local/texlive/2024/texmf-dist/tex/latex/cite/cite.sty
LaTeX Info: Redefining \cite on input line 302.
LaTeX Info: Redefining \nocite on input line 332.
Package: cite 2015/02/27  v 5.5
)
(/usr/local/texlive/2024/texmf-dist/tex/latex/url/url.sty
\Urlmuskip=\muskip18
Package: url 2013/09/16  ver 3.4  Verb mode for urls, etc.
)
(/usr/local/texlive/2024/texmf-dist/tex/latex/enumitem/enumitem.sty
Package: enumitem 2019/06/20 v3.9 Customized lists
\labelindent=\skip73
\enit@outerparindent=\dimen260
\enit@toks=\toks36
\enit@inbox=\box79
\enit@count@id=\count304
\enitdp@description=\count305
)
(/usr/local/texlive/2024/texmf-dist/tex/latex/siunitx/siunitx.sty
Package: siunitx 2024-09-30 v3.3.22 A comprehensive (SI) units package
\l__siunitx_number_uncert_offset_int=\count306
\l__siunitx_number_exponent_fixed_int=\count307
\l__siunitx_number_min_decimal_int=\count308
\l__siunitx_number_min_integer_int=\count309
\l__siunitx_number_round_precision_int=\count310
\l__siunitx_number_lower_threshold_int=\count311
\l__siunitx_number_upper_threshold_int=\count312
\l__siunitx_number_group_first_int=\count313
\l__siunitx_number_group_size_int=\count314
\l__siunitx_number_group_minimum_int=\count315
\l__siunitx_angle_tmp_dim=\dimen261
\l__siunitx_angle_marker_box=\box80
\l__siunitx_angle_unit_box=\box81
\l__siunitx_compound_count_int=\count316

(/usr/local/texlive/2024/texmf-dist/tex/latex/translations/translations.sty
Package: translations 2022/02/05 v1.12 internationalization of LaTeX2e packages
 (CN)

(/usr/local/texlive/2024/texmf-dist/tex/latex/etoolbox/etoolbox.sty
Package: etoolbox 2020/10/05 v2.5k e-TeX tools for LaTeX (JAW)
\etb@tempcnta=\count317
)
(/usr/local/texlive/2024/texmf-dist/tex/generic/pdftexcmds/pdftexcmds.sty
Package: pdftexcmds 2020-06-27 v0.33 Utility functions of pdfTeX for LuaTeX (HO
)

(/usr/local/texlive/2024/texmf-dist/tex/generic/infwarerr/infwarerr.sty
Package: infwarerr 2019/12/03 v1.5 Providing info/warning/error messages (HO)
)
(/usr/local/texlive/2024/texmf-dist/tex/generic/iftex/iftex.sty
Package: iftex 2022/02/03 v1.0f TeX engine tests
)
(/usr/local/texlive/2024/texmf-dist/tex/generic/ltxcmds/ltxcmds.sty
Package: ltxcmds 2023-12-04 v1.26 LaTeX kernel commands for general use (HO)
)
Package pdftexcmds Info: \pdf@primitive is available.
Package pdftexcmds Info: \pdf@ifprimitive is available.
Package pdftexcmds Info: \pdfdraftmode not found.
))
\l__siunitx_table_tmp_box=\box82
\l__siunitx_table_tmp_dim=\dimen262
\l__siunitx_table_column_width_dim=\dimen263
\l__siunitx_table_integer_box=\box83
\l__siunitx_table_decimal_box=\box84
\l__siunitx_table_uncert_box=\box85
\l__siunitx_table_before_box=\box86
\l__siunitx_table_after_box=\box87
\l__siunitx_table_before_dim=\dimen264
\l__siunitx_table_carry_dim=\dimen265
\l__siunitx_unit_tmp_int=\count318
\l__siunitx_unit_position_int=\count319
\l__siunitx_unit_total_int=\count320
)
(/usr/local/texlive/2024/texmf-dist/tex/latex/comment/comment.sty
\CommentStream=\write3

Excluding comment 'comment')
(/usr/local/texlive/2024/texmf-dist/tex/latex/tools/layout.sty
Package: layout 2023-08-20 v1.2e Show layout parameters
\oneinch=\count321
\cnt@paperwidth=\count322
\cnt@paperheight=\count323
\cnt@hoffset=\count324
\cnt@voffset=\count325
\cnt@textheight=\count326
\cnt@textwidth=\count327
\cnt@topmargin=\count328
\cnt@oddsidemargin=\count329
\cnt@evensidemargin=\count330
\cnt@headheight=\count331
\cnt@headsep=\count332
\cnt@marginparsep=\count333
\cnt@marginparwidth=\count334
\cnt@marginparpush=\count335
\cnt@footskip=\count336
\fheight=\count337
\ref@top=\count338
\ref@hoffset=\count339
\ref@voffset=\count340
\ref@head=\count341
\ref@body=\count342
\ref@foot=\count343
\ref@margin=\count344
\ref@marginwidth=\count345
\ref@marginpar=\count346
\Interval=\count347
\ExtraYPos=\count348
\PositionX=\count349
\PositionY=\count350
\ArrowLength=\count351
))
(/usr/local/texlive/2024/texmf-dist/tex/latex/nag/nag.sty
Package: nag 2011/11/25 0.7 warning about old commands (ulmi)
\c@nag@c=\count352
\c@nag@sins=\count353
Package nag Info: Loaded nag-l2tabu.cfg  on input line 552.

(/usr/local/texlive/2024/texmf-dist/tex/latex/nag/nag-l2tabu.cfg
File: nag-l2tabu.cfg 2010/05/17 v2.11 l2tabu rules for nag.sty (ulmi)
)
Package nag Info: Loaded nag-orthodox.cfg  on input line 552.

(/usr/local/texlive/2024/texmf-dist/tex/latex/nag/nag-orthodox.cfg
File: nag-orthodox.cfg 2006/04/19 v1.8 strict rules for nag.sty (ulmi)
))
(/usr/local/texlive/2024/texmf-dist/tex/latex/onlyamsmath/onlyamsmath.sty
Package: onlyamsmath 2016/12/18 v0.20 Destroy the standard math environments
)
(/usr/local/texlive/2024/texmf-dist/tex/latex/sttools/flushend.sty
Package: flushend 2021/10/04 v4.0 Balancing columns in twocolumn mode
\flushend@@lastskip@a=\skip74
\flushend@@lastskip@b=\skip75
\flushend@@lastnode=\count354
\var@@loop@iter=\count355
\var@@temp@spread=\dimen266
\var@@temp@a=\dimen267
\var@@temp@loop=\dimen268
\flushend@@page@rule=\dimen269
\flushend@@varbox@lastpage=\box88
\flushend@@varbox@a=\box89
\flushend@@varbox@c=\box90
\flushend@@tempbox@a=\box91
\flushend@@tempbox@c=\box92
\flushend@@floatbox=\box93
\@viper=\box94
\hold@viper=\box95
\atColsBreak=\toks37
\atColsEnd=\toks38
\oldbreak@skip=\dimen270
)
(/usr/local/texlive/2024/texmf-dist/tex/platex/japanese-otf/otf.sty
Package: otf 2023/10/09 TeX JP org, v1.7b8 psitau, u0.30 ttk
LaTeX Font Info:    Redeclaring symbol font `mincho' on input line 345.
LaTeX Font Info:    Overwriting symbol font `mincho' in version `normal'
(Font)                  JY1/mc/m/n --> JY1/hmc/m/n on input line 345.
LaTeX Font Info:    Overwriting symbol font `mincho' in version `bold'
(Font)                  JY1/gt/m/n --> JY1/hmc/m/n on input line 345.
LaTeX Font Info:    Overwriting symbol font `mincho' in version `bold'
(Font)                  JY1/hmc/m/n --> JY1/hmc/bx/n on input line 347.
LaTeX Font Info:    Redeclaring math alphabet \mathgt on input line 348.
LaTeX Font Info:    Overwriting math alphabet `\mathgt' in version `normal'
(Font)                  JY1/gt/m/n --> JY1/hgt/m/n on input line 348.
LaTeX Font Info:    Overwriting math alphabet `\mathgt' in version `bold'
(Font)                  JY1/gt/m/n --> JY1/hgt/m/n on input line 348.
LaTeX Font Info:    Overwriting math alphabet `\mathgt' in version `bold'
(Font)                  JY1/hgt/m/n --> JY1/hgt/bx/n on input line 349.

(/usr/local/texlive/2024/texmf-dist/tex/platex/japanese-otf/ajmacros.sty
Package: ajmacros 2019/04/01 21:00 iNOUE Koich! <inoue@ma.ns.musashi-tech.ac.jp
>
\@tempcntc=\count356
\@tempcntd=\count357
\@tempcnte=\count358
\@tempcntf=\count359
))
(/usr/local/texlive/2024/texmf-dist/tex/platex/pxchfon/pxchfon.sty
Package: pxchfon 2024/08/22 v2.2

(/usr/local/texlive/2024/texmf-dist/tex/platex/pxchfon/pxchfon0.def
File: pxchfon0.def 2024/08/22 v2.2
))
(/usr/local/texlive/2024/texmf-dist/tex/latex/caption/caption.sty
Package: caption 2023/08/05 v3.6o Customizing captions (AR)


Package caption Warning: Unknown document class (or package),
(caption)                standard defaults will be used.
See the caption package documentation for explanation.

\c@caption@flags=\count360
\c@continuedfloat=\count361
Package caption Info: float package is loaded.
Package caption Info: threeparttable package is loaded.
) (/usr/local/texlive/2024/texmf-dist/tex/latex/hyperref/hyperref.sty
Package: hyperref 2024-11-05 v7.01l Hypertext links for LaTeX

(/usr/local/texlive/2024/texmf-dist/tex/latex/kvsetkeys/kvsetkeys.sty
Package: kvsetkeys 2022-10-05 v1.19 Key value parser (HO)
)
(/usr/local/texlive/2024/texmf-dist/tex/generic/kvdefinekeys/kvdefinekeys.sty
Package: kvdefinekeys 2019-12-19 v1.6 Define keys (HO)
)
(/usr/local/texlive/2024/texmf-dist/tex/generic/pdfescape/pdfescape.sty
Package: pdfescape 2019/12/09 v1.15 Implements pdfTeX's escape features (HO)
)
(/usr/local/texlive/2024/texmf-dist/tex/latex/hycolor/hycolor.sty
Package: hycolor 2020-01-27 v1.10 Color options for hyperref/bookmark (HO)
)
(/usr/local/texlive/2024/texmf-dist/tex/latex/hyperref/nameref.sty
Package: nameref 2023-11-26 v2.56 Cross-referencing by name of section

(/usr/local/texlive/2024/texmf-dist/tex/latex/refcount/refcount.sty
Package: refcount 2019/12/15 v3.6 Data extraction from label references (HO)
)
(/usr/local/texlive/2024/texmf-dist/tex/generic/gettitlestring/gettitlestring.s
ty
Package: gettitlestring 2019/12/15 v1.6 Cleanup title references (HO)
 (/usr/local/texlive/2024/texmf-dist/tex/latex/kvoptions/kvoptions.sty
Package: kvoptions 2022-06-15 v3.15 Key value format for package options (HO)
))
\c@section@level=\count362
)
(/usr/local/texlive/2024/texmf-dist/tex/generic/stringenc/stringenc.sty
Package: stringenc 2019/11/29 v1.12 Convert strings between diff. encodings (HO
)
)
\@linkdim=\dimen271
\Hy@linkcounter=\count363
\Hy@pagecounter=\count364

(/usr/local/texlive/2024/texmf-dist/tex/latex/hyperref/pd1enc.def
File: pd1enc.def 2024-11-05 v7.01l Hyperref: PDFDocEncoding definition (HO)
Now handling font encoding PD1 ...
... no UTF-8 mapping file for font encoding PD1
)
(/usr/local/texlive/2024/texmf-dist/tex/generic/intcalc/intcalc.sty
Package: intcalc 2019/12/15 v1.3 Expandable calculations with integers (HO)
)
\Hy@SavedSpaceFactor=\count365

(/usr/local/texlive/2024/texmf-dist/tex/latex/hyperref/puenc.def
File: puenc.def 2024-11-05 v7.01l Hyperref: PDF Unicode definition (HO)
Now handling font encoding PU ...
... no UTF-8 mapping file for font encoding PU
)
Package hyperref Info: Option `setpagesize' set `false' on input line 4040.
Package hyperref Info: Hyper figures OFF on input line 4157.
Package hyperref Info: Link nesting OFF on input line 4162.
Package hyperref Info: Hyper index ON on input line 4165.
Package hyperref Info: Plain pages OFF on input line 4172.
Package hyperref Info: Backreferencing OFF on input line 4177.
Package hyperref Info: Implicit mode ON; LaTeX internals redefined.
Package hyperref Info: Bookmarks ON on input line 4424.
\c@Hy@tempcnt=\count366
LaTeX Info: Redefining \url on input line 4763.
\XeTeXLinkMargin=\dimen272

(/usr/local/texlive/2024/texmf-dist/tex/generic/bitset/bitset.sty
Package: bitset 2019/12/09 v1.3 Handle bit-vector datatype (HO)

(/usr/local/texlive/2024/texmf-dist/tex/generic/bigintcalc/bigintcalc.sty
Package: bigintcalc 2019/12/15 v1.5 Expandable calculations on big integers (HO
)
))
\Fld@menulength=\count367
\Field@Width=\dimen273
\Fld@charsize=\dimen274
Package hyperref Info: Hyper figures OFF on input line 6042.
Package hyperref Info: Link nesting OFF on input line 6047.
Package hyperref Info: Hyper index ON on input line 6050.
Package hyperref Info: backreferencing OFF on input line 6057.
Package hyperref Info: Link coloring OFF on input line 6062.
Package hyperref Info: Link coloring with OCG OFF on input line 6067.
Package hyperref Info: PDF/A mode OFF on input line 6072.

(/usr/local/texlive/2024/texmf-dist/tex/latex/base/atbegshi-ltx.sty
Package: atbegshi-ltx 2021/01/10 v1.0c Emulation of the original atbegshi
package with kernel methods
)
\Hy@abspage=\count368
\c@Item=\count369
\c@Hfootnote=\count370
)
Package hyperref Info: Driver: hdvipdfm.

(/usr/local/texlive/2024/texmf-dist/tex/latex/hyperref/hdvipdfm.def
File: hdvipdfm.def 2024-11-05 v7.01l Hyperref driver for dvipdfm
\pdfm@box=\box96
\c@Hy@AnnotLevel=\count371
\HyField@AnnotCount=\count372
\Fld@listcount=\count373
\c@bookmark@seq@number=\count374

(/usr/local/texlive/2024/texmf-dist/tex/latex/rerunfilecheck/rerunfilecheck.sty
Package: rerunfilecheck 2022-07-10 v1.10 Rerun checks for auxiliary files (HO)
(/usr/local/texlive/2024/texmf-dist/tex/latex/base/atveryend-ltx.sty
Package: atveryend-ltx 2020/08/19 v1.0a Emulation of the original atveryend pac
kage
with kernel methods
)
(/usr/local/texlive/2024/texmf-dist/tex/generic/uniquecounter/uniquecounter.sty
Package: uniquecounter 2019/12/15 v1.4 Provide unlimited unique counter (HO)
)
Package uniquecounter Info: New unique counter `rerunfilecheck' on input line 2
85.
)
\Hy@SectionHShift=\skip76
)
Package hyperref Info: Option `colorlinks' set `true' on input line 42.
Package translations Info: No language package found. I am going to use `englis
h' as default language. on input line 44.
LaTeX Font Info:    Font shape `JT1/hmc/m/n' will be
(Font)              scaled to size 9.24683pt on input line 44.
LaTeX Font Info:    Font shape `JY1/hmc/m/n' will be
(Font)              scaled to size 9.24683pt on input line 44.
LaTeX Font Info:    Trying to load font information for T1+ptm on input line 44
.
 (/usr/local/texlive/2024/texmf-dist/tex/latex/psnfss/t1ptm.fd
File: t1ptm.fd 2001/06/04 font definitions for T1/ptm.
)
(/usr/local/texlive/2024/texmf-dist/tex/latex/l3backend/l3backend-dvips.def
File: l3backend-dvips.def 2024-05-08 L3 backend support: dvips
\l__pdf_internal_box=\box97
\l__pdf_backend_content_box=\box98
\l__pdf_backend_model_box=\box99
\g__pdf_backend_annotation_int=\count375
\g__pdf_backend_link_int=\count376
\g__pdf_backend_link_sf_int=\count377
)
(./tc-2024-sympo-sample.aux)
\openout1 = `tc-2024-sympo-sample.aux'.

LaTeX Font Info:    Checking defaults for OML/cmm/m/it on input line 44.
LaTeX Font Info:    ... okay on input line 44.
LaTeX Font Info:    Checking defaults for OMS/cmsy/m/n on input line 44.
LaTeX Font Info:    ... okay on input line 44.
LaTeX Font Info:    Checking defaults for OT1/cmr/m/n on input line 44.
LaTeX Font Info:    ... okay on input line 44.
LaTeX Font Info:    Checking defaults for T1/cmr/m/n on input line 44.
LaTeX Font Info:    ... okay on input line 44.
LaTeX Font Info:    Checking defaults for TS1/cmr/m/n on input line 44.
LaTeX Font Info:    ... okay on input line 44.
LaTeX Font Info:    Checking defaults for OMX/cmex/m/n on input line 44.
LaTeX Font Info:    ... okay on input line 44.
LaTeX Font Info:    Checking defaults for U/cmr/m/n on input line 44.
LaTeX Font Info:    ... okay on input line 44.
LaTeX Font Info:    Checking defaults for JY1/mc/m/n on input line 44.
LaTeX Font Info:    ... okay on input line 44.
LaTeX Font Info:    Checking defaults for JT1/mc/m/n on input line 44.
LaTeX Font Info:    ... okay on input line 44.
LaTeX Font Info:    Checking defaults for PD1/pdf/m/n on input line 44.
LaTeX Font Info:    ... okay on input line 44.
LaTeX Font Info:    Checking defaults for PU/pdf/m/n on input line 44.
LaTeX Font Info:    ... okay on input line 44.
Package caption Info: Begin \AtBeginDocument code.
Package caption Info: subfig package v1.3 is loaded.
Package caption Info: hyperref package is loaded.
Package caption Info: End \AtBeginDocument code.

(/usr/local/texlive/2024/texmf-dist/tex/latex/translations/translations-basic-d
ictionary-english.trsl
File: translations-basic-dictionary-english.trsl (english translation file `tra
nslations-basic-dictionary')
)
Package translations Info: loading dictionary `translations-basic-dictionary' f
or `english'. on input line 44.
Package nag Info: Attempting subfig hack.
Package nag Info: OK, equivalent to subfig 1.3, redefining \sf@@@subfloat.
Package nag Info: Command \frontmatter not defined, skipping amendment on input
 line 44.
Package nag Info: Command \mainmatter not defined, skipping amendment on input 
line 44.
Package nag Info: Command \backmatter not defined, skipping amendment on input 
line 44.
Package nag Info: Command \RaggedLeft not defined, skipping amendment on input 
line 44.
Package nag Info: Command \RaggedRight not defined, skipping amendment on input
 line 44.
Package hyperref Info: Link coloring ON on input line 44.
 (./tc-2024-sympo-sample.out)
(./tc-2024-sympo-sample.out)
\@outlinefile=\write4
\openout4 = `tc-2024-sympo-sample.out'.

Package nag Info: Command \captionabove not defined, skipping amendment on inpu
t line 44.
Package nag Info: Command \captionbelow not defined, skipping amendment on inpu
t line 44.
Package nag Info: Command \hc@caption not defined, skipping amendment on input 
line 44.
Package nag Info: Command \topcaption not defined, skipping amendment on input 
line 44.
LaTeX Font Info:    Font shape `JT1/hmc/m/n' will be
(Font)              scaled to size 15.9785pt on input line 46.
LaTeX Font Info:    Font shape `JY1/hmc/m/n' will be
(Font)              scaled to size 15.9785pt on input line 46.


LaTeX Font Warning: Font shape `JY1/hmc/b/n' undefined
(Font)              using `JY1/hmc/bx/n' instead on input line 46.

LaTeX Font Info:    Font shape `JT1/hmc/bx/n' in size <17.28> not available
(Font)              Font shape `JT1/hgt/m/n' tried instead on input line 46.
LaTeX Font Info:    Font shape `JT1/hgt/m/n' will be
(Font)              scaled to size 15.9785pt on input line 46.
LaTeX Font Info:    Font shape `JY1/hmc/bx/n' in size <17.28> not available
(Font)              Font shape `JY1/hgt/m/n' tried instead on input line 46.
LaTeX Font Info:    Font shape `JY1/hgt/m/n' will be
(Font)              scaled to size 15.9785pt on input line 46.
LaTeX Font Info:    Font shape `JT1/hmc/m/n' will be
(Font)              scaled to size 11.09619pt on input line 46.
LaTeX Font Info:    Font shape `JY1/hmc/m/n' will be
(Font)              scaled to size 11.09619pt on input line 46.
LaTeX Font Info:    Font shape `JT1/cidj/m/2' will be
(Font)              scaled to size 11.09619pt on input line 46.
LaTeX Font Info:    Font shape `JY1/cidj/m/2' will be
(Font)              scaled to size 11.09619pt on input line 46.
LaTeX Font Info:    Font shape `JT1/hmc/m/n' will be
(Font)              scaled to size 13.31541pt on input line 46.
LaTeX Font Info:    Font shape `JY1/hmc/m/n' will be
(Font)              scaled to size 13.31541pt on input line 46.

LaTeX Font Warning: Font shape `JY1/hmc/b/n' undefined
(Font)              using `JY1/hmc/bx/n' instead on input line 46.

LaTeX Font Info:    Font shape `JT1/hmc/bx/n' in size <14.4> not available
(Font)              Font shape `JT1/hgt/m/n' tried instead on input line 46.
LaTeX Font Info:    Font shape `JT1/hgt/m/n' will be
(Font)              scaled to size 13.31541pt on input line 46.
LaTeX Font Info:    Font shape `JY1/hmc/bx/n' in size <14.4> not available
(Font)              Font shape `JY1/hgt/m/n' tried instead on input line 46.
LaTeX Font Info:    Font shape `JY1/hgt/m/n' will be
(Font)              scaled to size 13.31541pt on input line 46.
LaTeX Font Info:    Font shape `JT1/hmc/m/n' will be
(Font)              scaled to size 8.32214pt on input line 46.
LaTeX Font Info:    Font shape `JY1/hmc/m/n' will be
(Font)              scaled to size 8.32214pt on input line 46.

LaTeX Font Warning: Font shape `JY1/hmc/b/n' undefined
(Font)              using `JY1/hmc/bx/n' instead on input line 46.

LaTeX Font Info:    Font shape `JT1/hmc/bx/n' in size <9> not available
(Font)              Font shape `JT1/hgt/m/n' tried instead on input line 46.
LaTeX Font Info:    Font shape `JT1/hgt/m/n' will be
(Font)              scaled to size 8.32214pt on input line 46.
LaTeX Font Info:    Font shape `JY1/hmc/bx/n' in size <9> not available
(Font)              Font shape `JY1/hgt/m/n' tried instead on input line 46.
LaTeX Font Info:    Font shape `JY1/hgt/m/n' will be
(Font)              scaled to size 8.32214pt on input line 46.
LaTeX Font Info:    Trying to load font information for OT1+ztmcm on input line
 46.
(/usr/local/texlive/2024/texmf-dist/tex/latex/psnfss/ot1ztmcm.fd
File: ot1ztmcm.fd 2000/01/03 Fontinst v1.801 font definitions for OT1/ztmcm.
)
LaTeX Font Info:    Trying to load font information for OML+ztmcm on input line
 46.

(/usr/local/texlive/2024/texmf-dist/tex/latex/psnfss/omlztmcm.fd
File: omlztmcm.fd 2000/01/03 Fontinst v1.801 font definitions for OML/ztmcm.
)
LaTeX Font Info:    Trying to load font information for OMS+ztmcm on input line
 46.

(/usr/local/texlive/2024/texmf-dist/tex/latex/psnfss/omsztmcm.fd
File: omsztmcm.fd 2000/01/03 Fontinst v1.801 font definitions for OMS/ztmcm.
)
LaTeX Font Info:    Trying to load font information for OMX+ztmcm on input line
 46.

(/usr/local/texlive/2024/texmf-dist/tex/latex/psnfss/omxztmcm.fd
File: omxztmcm.fd 2000/01/03 Fontinst v1.801 font definitions for OMX/ztmcm.
)
LaTeX Font Info:    Font shape `JY1/hmc/m/n' will be
(Font)              scaled to size 6.47278pt on input line 46.
LaTeX Font Info:    Font shape `JY1/hmc/m/n' will be
(Font)              scaled to size 4.62341pt on input line 46.
LaTeX Font Info:    Trying to load font information for OT1+ptm on input line 4
6.

(/usr/local/texlive/2024/texmf-dist/tex/latex/psnfss/ot1ptm.fd
File: ot1ptm.fd 2001/06/04 font definitions for OT1/ptm.
)
LaTeX Font Info:    Font shape `OT1/ptm/bx/n' in size <9> not available
(Font)              Font shape `OT1/ptm/b/n' tried instead on input line 46.
LaTeX Font Info:    Font shape `OT1/ptm/bx/n' in size <7> not available
(Font)              Font shape `OT1/ptm/b/n' tried instead on input line 46.
LaTeX Font Info:    Font shape `OT1/ptm/bx/n' in size <5> not available
(Font)              Font shape `OT1/ptm/b/n' tried instead on input line 46.
LaTeX Font Info:    Trying to load font information for OT1+txr on input line 4
6.

(/usr/local/texlive/2024/texmf-dist/tex/latex/txfonts/ot1txr.fd
File: ot1txr.fd 2000/12/15 v3.1
)
LaTeX Font Info:    Trying to load font information for OML+txmi on input line 
46.

(/usr/local/texlive/2024/texmf-dist/tex/latex/txfonts/omltxmi.fd
File: omltxmi.fd 2000/12/15 v3.1
)
LaTeX Font Info:    Trying to load font information for OMS+txsy on input line 
46.

(/usr/local/texlive/2024/texmf-dist/tex/latex/txfonts/omstxsy.fd
File: omstxsy.fd 2000/12/15 v3.1
)
LaTeX Font Info:    Trying to load font information for OMX+txex on input line 
46.

(/usr/local/texlive/2024/texmf-dist/tex/latex/txfonts/omxtxex.fd
File: omxtxex.fd 2000/12/15 v3.1
)

LaTeX Font Warning: Font shape `JY1/hmc/b/n' undefined
(Font)              using `JY1/hmc/bx/n' instead on input line 48.

LaTeX Font Info:    Font shape `JT1/hmc/bx/n' in size <12> not available
(Font)              Font shape `JT1/hgt/m/n' tried instead on input line 48.
LaTeX Font Info:    Font shape `JT1/hgt/m/n' will be
(Font)              scaled to size 11.09619pt on input line 48.
LaTeX Font Info:    Font shape `JY1/hmc/bx/n' in size <12> not available
(Font)              Font shape `JY1/hgt/m/n' tried instead on input line 48.
LaTeX Font Info:    Font shape `JY1/hgt/m/n' will be
(Font)              scaled to size 11.09619pt on input line 48.
LaTeX Font Info:    Font shape `JY1/hmc/m/n' will be
(Font)              scaled to size 6.84264pt on input line 51.
LaTeX Font Info:    Font shape `JY1/hmc/m/n' will be
(Font)              scaled to size 5.5481pt on input line 51.
LaTeX Font Info:    Font shape `OT1/ptm/bx/n' in size <10> not available
(Font)              Font shape `OT1/ptm/b/n' tried instead on input line 51.
LaTeX Font Info:    Font shape `OT1/ptm/bx/n' in size <7.4> not available
(Font)              Font shape `OT1/ptm/b/n' tried instead on input line 51.
LaTeX Font Info:    Font shape `OT1/ptm/bx/n' in size <6> not available
(Font)              Font shape `OT1/ptm/b/n' tried instead on input line 51.
LaTeX Font Info:    Font shape `JT1/hmc/m/n' will be
(Font)              scaled to size 6.84264pt on input line 51.
LaTeX Font Info:    Font shape `JT1/hmc/m/n' will be
(Font)              scaled to size 7.39746pt on input line 51.
LaTeX Font Info:    Font shape `JY1/hmc/m/n' will be
(Font)              scaled to size 7.39746pt on input line 51.
LaTeX Font Info:    Font shape `OT1/ptm/bx/n' in size <8> not available
(Font)              Font shape `OT1/ptm/b/n' tried instead on input line 51.
LaTeX Font Info:    Font shape `JT1/hmc/m/n' will be
(Font)              scaled to size 5.5481pt on input line 51.

LaTeX Font Warning: Font shape `JY1/hmc/b/n' undefined
(Font)              using `JY1/hmc/bx/n' instead on input line 64.




LaTeX Font Warning: Font shape `JY1/hmc/b/n' undefined
(Font)              using `JY1/hmc/bx/n' instead on input line 78.

LaTeX Font Info:    Font shape `JT1/hmc/bx/n' in size <10> not available
(Font)              Font shape `JT1/hgt/m/n' tried instead on input line 78.
LaTeX Font Info:    Font shape `JT1/hgt/m/n' will be
(Font)              scaled to size 9.24683pt on input line 78.
LaTeX Font Info:    Font shape `JY1/hmc/bx/n' in size <10> not available
(Font)              Font shape `JY1/hgt/m/n' tried instead on input line 78.
LaTeX Font Info:    Font shape `JY1/hgt/m/n' will be
(Font)              scaled to size 9.24683pt on input line 78.

LaTeX Font Warning: Font shape `JY1/hmc/b/n' undefined
(Font)              using `JY1/hmc/bx/n' instead on input line 79.


LaTeX Font Warning: Font shape `JY1/hmc/b/n' undefined
(Font)              using `JY1/hmc/bx/n' instead on input line 79.

File: fig/box.pdf Graphic file (type pdf)
<fig/box.pdf>

LaTeX Font Warning: Font shape `JY1/hmc/b/n' undefined
(Font)              using `JY1/hmc/bx/n' instead on input line 87.


LaTeX Font Warning: Font shape `JY1/hmc/b/n' undefined
(Font)              using `JY1/hmc/bx/n' instead on input line 87.

File: fig/box2.pdf Graphic file (type pdf)
<fig/box2.pdf>

LaTeX Font Warning: Font shape `JY1/hmc/b/n' undefined
(Font)              using `JY1/hmc/bx/n' instead on input line 93.


LaTeX Font Warning: Font shape `JY1/hmc/b/n' undefined
(Font)              using `JY1/hmc/bx/n' instead on input line 93.

File: fig/2024/box3_2024.pdf Graphic file (type pdf)
<fig/2024/box3_2024.pdf>

LaTeX Font Warning: Font shape `JY1/hmc/b/n' undefined
(Font)              using `JY1/hmc/bx/n' instead on input line 98.


LaTeX Font Warning: Font shape `JY1/hmc/b/n' undefined
(Font)              using `JY1/hmc/bx/n' instead on input line 98.


LaTeX Font Warning: Font shape `JY1/hmc/b/n' undefined
(Font)              using `JY1/hmc/bx/n' instead on input line 100.


LaTeX Font Warning: Font shape `JY1/hmc/b/n' undefined
(Font)              using `JY1/hmc/bx/n' instead on input line 100.


LaTeX Font Warning: Font shape `JY1/hmc/b/n' undefined
(Font)              using `JY1/hmc/bx/n' instead on input line 100.


LaTeX Font Warning: Font shape `JY1/hmc/b/n' undefined
(Font)              using `JY1/hmc/bx/n' instead on input line 100.


LaTeX Font Warning: Font shape `JY1/hmc/b/n' undefined
(Font)              using `JY1/hmc/bx/n' instead on input line 108.


LaTeX Font Warning: Font shape `JY1/hmc/b/n' undefined
(Font)              using `JY1/hmc/bx/n' instead on input line 108.


LaTeX Font Warning: Font shape `JY1/hmc/b/n' undefined
(Font)              using `JY1/hmc/bx/n' instead on input line 108.


LaTeX Font Warning: Font shape `JY1/hmc/b/n' undefined
(Font)              using `JY1/hmc/bx/n' instead on input line 108.


Overfull \hbox (16.6609pt too wide) in paragraph at lines 134--135
 [][] 
 []


LaTeX Warning: `h' float specifier changed to `ht'.


LaTeX Font Warning: Font shape `JY1/hmc/b/n' undefined
(Font)              using `JY1/hmc/bx/n' instead on input line 138.


LaTeX Font Warning: Font shape `JY1/hmc/b/n' undefined
(Font)              using `JY1/hmc/bx/n' instead on input line 141.

File: fig/software.pdf Graphic file (type pdf)
<fig/software.pdf>

Overfull \hbox (0.52977pt too wide) in paragraph at lines 147--148
 [][] 
 []


LaTeX Font Warning: Font shape `JY1/hmc/b/n' undefined
(Font)              using `JY1/hmc/bx/n' instead on input line 148.


LaTeX Font Warning: Font shape `JY1/hmc/b/n' undefined
(Font)              using `JY1/hmc/bx/n' instead on input line 148.


LaTeX Font Warning: Font shape `JY1/hmc/b/n' undefined
(Font)              using `JY1/hmc/bx/n' instead on input line 148.


LaTeX Font Warning: Font shape `JY1/hmc/b/n' undefined
(Font)              using `JY1/hmc/bx/n' instead on input line 148.


LaTeX Warning: `!h' float specifier changed to `!ht'.


LaTeX Font Warning: Font shape `JY1/hmc/b/n' undefined
(Font)              using `JY1/hmc/bx/n' instead on input line 154.



[1


]

LaTeX Font Warning: Font shape `JY1/hmc/b/n' undefined
(Font)              using `JY1/hmc/bx/n' instead on input line 160.


LaTeX Font Warning: Font shape `JY1/hmc/b/n' undefined
(Font)              using `JY1/hmc/bx/n' instead on input line 181.


LaTeX Font Warning: Font shape `JY1/hmc/b/n' undefined
(Font)              using `JY1/hmc/bx/n' instead on input line 182.



File: fig/box2_sensor.pdf Graphic file (type pdf)
<fig/box2_sensor.pdf>

Overfull \hbox (0.52977pt too wide) in paragraph at lines 191--192
 [][] 
 []


LaTeX Font Warning: Font shape `JY1/hmc/b/n' undefined
(Font)              using `JY1/hmc/bx/n' instead on input line 192.


LaTeX Font Warning: Font shape `JY1/hmc/b/n' undefined
(Font)              using `JY1/hmc/bx/n' instead on input line 192.


LaTeX Font Warning: Font shape `JY1/hmc/b/n' undefined
(Font)              using `JY1/hmc/bx/n' instead on input line 192.


LaTeX Font Warning: Font shape `JY1/hmc/b/n' undefined
(Font)              using `JY1/hmc/bx/n' instead on input line 192.

LaTeX Font Info:    Trying to load font information for TS1+ptm on input line 2
01.
(/usr/local/texlive/2024/texmf-dist/tex/latex/psnfss/ts1ptm.fd
File: ts1ptm.fd 2001/06/04 font definitions for TS1/ptm.
)

LaTeX Font Warning: Font shape `JY1/hmc/b/n' undefined
(Font)              using `JY1/hmc/bx/n' instead on input line 210.


LaTeX Font Warning: Font shape `JY1/hmc/b/n' undefined
(Font)              using `JY1/hmc/bx/n' instead on input line 212.


LaTeX Font Warning: Font shape `JY1/hmc/b/n' undefined
(Font)              using `JY1/hmc/bx/n' instead on input line 212.


LaTeX Font Warning: Font shape `JY1/hmc/b/n' undefined
(Font)              using `JY1/hmc/bx/n' instead on input line 213.


LaTeX Font Warning: Font shape `JY1/hmc/b/n' undefined
(Font)              using `JY1/hmc/bx/n' instead on input line 214.


LaTeX Font Warning: Font shape `JY1/hmc/b/n' undefined
(Font)              using `JY1/hmc/bx/n' instead on input line 214.

File: fig/map.pdf Graphic file (type pdf)
<fig/map.pdf>

Overfull \hbox (0.52977pt too wide) in paragraph at lines 224--225
 [][] 
 []


LaTeX Font Warning: Font shape `JY1/hmc/b/n' undefined
(Font)              using `JY1/hmc/bx/n' instead on input line 225.


LaTeX Font Warning: Font shape `JY1/hmc/b/n' undefined
(Font)              using `JY1/hmc/bx/n' instead on input line 225.


LaTeX Font Warning: Font shape `JY1/hmc/b/n' undefined
(Font)              using `JY1/hmc/bx/n' instead on input line 225.


LaTeX Font Warning: Font shape `JY1/hmc/b/n' undefined
(Font)              using `JY1/hmc/bx/n' instead on input line 225.

File: fig/costmap.pdf Graphic file (type pdf)
<fig/costmap.pdf>

Overfull \hbox (0.52977pt too wide) in paragraph at lines 231--232
 [][] 
 []


LaTeX Font Warning: Font shape `JY1/hmc/b/n' undefined
(Font)              using `JY1/hmc/bx/n' instead on input line 232.


LaTeX Font Warning: Font shape `JY1/hmc/b/n' undefined
(Font)              using `JY1/hmc/bx/n' instead on input line 232.


LaTeX Font Warning: Font shape `JY1/hmc/b/n' undefined
(Font)              using `JY1/hmc/bx/n' instead on input line 232.


LaTeX Font Warning: Font shape `JY1/hmc/b/n' undefined
(Font)              using `JY1/hmc/bx/n' instead on input line 232.


LaTeX Warning: `!h' float specifier changed to `!ht'.


LaTeX Font Warning: Font shape `JY1/hmc/b/n' undefined
(Font)              using `JY1/hmc/bx/n' instead on input line 238.


LaTeX Font Warning: Font shape `JY1/hmc/b/n' undefined
(Font)              using `JY1/hmc/bx/n' instead on input line 244.



[2]

LaTeX Font Warning: Font shape `JY1/hmc/b/n' undefined
(Font)              using `JY1/hmc/bx/n' instead on input line 254.

File: fig/syuuka.pdf Graphic file (type pdf)
<fig/syuuka.pdf>

Overfull \hbox (7.76022pt too wide) in paragraph at lines 260--261
 [][] 
 []


LaTeX Font Warning: Font shape `JY1/hmc/b/n' undefined
(Font)              using `JY1/hmc/bx/n' instead on input line 261.


LaTeX Font Warning: Font shape `JY1/hmc/b/n' undefined
(Font)              using `JY1/hmc/bx/n' instead on input line 261.

File: fig/takuhai.pdf Graphic file (type pdf)
<fig/takuhai.pdf>

Overfull \hbox (5.68318pt too wide) in paragraph at lines 266--267
 [][] 
 []


LaTeX Font Warning: Font shape `JY1/hmc/b/n' undefined
(Font)              using `JY1/hmc/bx/n' instead on input line 267.


LaTeX Font Warning: Font shape `JY1/hmc/b/n' undefined
(Font)              using `JY1/hmc/bx/n' instead on input line 267.


LaTeX Font Warning: Font shape `JY1/hmc/b/n' undefined
(Font)              using `JY1/hmc/bx/n' instead on input line 269.


LaTeX Font Warning: Font shape `JY1/hmc/b/n' undefined
(Font)              using `JY1/hmc/bx/n' instead on input line 269.


LaTeX Font Warning: Font shape `JY1/hmc/b/n' undefined
(Font)              using `JY1/hmc/bx/n' instead on input line 269.


LaTeX Font Warning: Font shape `JY1/hmc/b/n' undefined
(Font)              using `JY1/hmc/bx/n' instead on input line 269.


LaTeX Font Warning: Font shape `JY1/hmc/b/n' undefined
(Font)              using `JY1/hmc/bx/n' instead on input line 288.


LaTeX Font Warning: Font shape `JY1/hmc/b/n' undefined
(Font)              using `JY1/hmc/bx/n' instead on input line 288.


LaTeX Font Warning: Font shape `JY1/hmc/b/n' undefined
(Font)              using `JY1/hmc/bx/n' instead on input line 289.


LaTeX Font Warning: Font shape `JY1/hmc/b/n' undefined
(Font)              using `JY1/hmc/bx/n' instead on input line 290.


LaTeX Font Warning: Font shape `JY1/hmc/b/n' undefined
(Font)              using `JY1/hmc/bx/n' instead on input line 291.

File: fig/test1.pdf Graphic file (type pdf)
<fig/test1.pdf>

Overfull \hbox (0.52977pt too wide) in paragraph at lines 296--297
 [][] 
 []


LaTeX Font Warning: Font shape `JY1/hmc/b/n' undefined
(Font)              using `JY1/hmc/bx/n' instead on input line 297.


LaTeX Font Warning: Font shape `JY1/hmc/b/n' undefined
(Font)              using `JY1/hmc/bx/n' instead on input line 297.


LaTeX Font Warning: Font shape `JY1/hmc/b/n' undefined
(Font)              using `JY1/hmc/bx/n' instead on input line 297.


LaTeX Font Warning: Font shape `JY1/hmc/b/n' undefined
(Font)              using `JY1/hmc/bx/n' instead on input line 297.


LaTeX Warning: `!h' float specifier changed to `!ht'.

File: fig/test2.pdf Graphic file (type pdf)
<fig/test2.pdf>

Overfull \hbox (0.52977pt too wide) in paragraph at lines 303--304
 [][] 
 []


LaTeX Font Warning: Font shape `JY1/hmc/b/n' undefined
(Font)              using `JY1/hmc/bx/n' instead on input line 304.


LaTeX Font Warning: Font shape `JY1/hmc/b/n' undefined
(Font)              using `JY1/hmc/bx/n' instead on input line 304.


LaTeX Font Warning: Font shape `JY1/hmc/b/n' undefined
(Font)              using `JY1/hmc/bx/n' instead on input line 304.


LaTeX Font Warning: Font shape `JY1/hmc/b/n' undefined
(Font)              using `JY1/hmc/bx/n' instead on input line 304.


LaTeX Warning: `!h' float specifier changed to `!ht'.


LaTeX Font Warning: Font shape `JY1/hmc/b/n' undefined
(Font)              using `JY1/hmc/bx/n' instead on input line 315.


LaTeX Font Warning: Font shape `JY1/hmc/b/n' undefined
(Font)              using `JY1/hmc/bx/n' instead on input line 329.



File: fig/act.pdf Graphic file (type pdf)
<fig/act.pdf>

Overfull \hbox (0.52977pt too wide) in paragraph at lines 337--338
 [][] 
 []


LaTeX Font Warning: Font shape `JY1/hmc/b/n' undefined
(Font)              using `JY1/hmc/bx/n' instead on input line 338.


LaTeX Font Warning: Font shape `JY1/hmc/b/n' undefined
(Font)              using `JY1/hmc/bx/n' instead on input line 338.


LaTeX Font Warning: Font shape `JY1/hmc/b/n' undefined
(Font)              using `JY1/hmc/bx/n' instead on input line 338.


LaTeX Font Warning: Font shape `JY1/hmc/b/n' undefined
(Font)              using `JY1/hmc/bx/n' instead on input line 338.

File: fig/1.pdf Graphic file (type pdf)
<fig/1.pdf>

LaTeX Font Warning: Font shape `JY1/hmc/b/n' undefined
(Font)              using `JY1/hmc/bx/n' instead on input line 349.


LaTeX Font Warning: Font shape `JY1/hmc/b/n' undefined
(Font)              using `JY1/hmc/bx/n' instead on input line 349.

File: fig/3.pdf Graphic file (type pdf)
<fig/3.pdf>

LaTeX Font Warning: Font shape `JY1/hmc/b/n' undefined
(Font)              using `JY1/hmc/bx/n' instead on input line 355.


LaTeX Font Warning: Font shape `JY1/hmc/b/n' undefined
(Font)              using `JY1/hmc/bx/n' instead on input line 355.


LaTeX Font Warning: Font shape `JY1/hmc/b/n' undefined
(Font)              using `JY1/hmc/bx/n' instead on input line 357.


LaTeX Font Warning: Font shape `JY1/hmc/b/n' undefined
(Font)              using `JY1/hmc/bx/n' instead on input line 357.


LaTeX Font Warning: Font shape `JY1/hmc/b/n' undefined
(Font)              using `JY1/hmc/bx/n' instead on input line 357.


LaTeX Font Warning: Font shape `JY1/hmc/b/n' undefined
(Font)              using `JY1/hmc/bx/n' instead on input line 357.


LaTeX Warning: `h' float specifier changed to `ht'.


LaTeX Font Warning: Font shape `JY1/hmc/b/n' undefined
(Font)              using `JY1/hmc/bx/n' instead on input line 368.


LaTeX Font Warning: Font shape `JY1/hmc/b/n' undefined
(Font)              using `JY1/hmc/bx/n' instead on input line 371.



[3]
File: fig/result_box2_cut.pdf Graphic file (type pdf)
<fig/result_box2_cut.pdf>

Overfull \hbox (0.52977pt too wide) in paragraph at lines 379--380
 [][] 
 []


LaTeX Font Warning: Font shape `JY1/hmc/b/n' undefined
(Font)              using `JY1/hmc/bx/n' instead on input line 380.


LaTeX Font Warning: Font shape `JY1/hmc/b/n' undefined
(Font)              using `JY1/hmc/bx/n' instead on input line 380.


LaTeX Font Warning: Font shape `JY1/hmc/b/n' undefined
(Font)              using `JY1/hmc/bx/n' instead on input line 380.


LaTeX Font Warning: Font shape `JY1/hmc/b/n' undefined
(Font)              using `JY1/hmc/bx/n' instead on input line 380.


LaTeX Font Warning: Font shape `JY1/hmc/b/n' undefined
(Font)              using `JY1/hmc/bx/n' instead on input line 384.


LaTeX Font Warning: Font shape `JY1/hmc/b/n' undefined
(Font)              using `JY1/hmc/bx/n' instead on input line 392.


LaTeX Font Warning: Font shape `JY1/hmc/b/n' undefined
(Font)              using `JY1/hmc/bx/n' instead on input line 405.


LaTeX Font Warning: Font shape `JY1/hmc/b/n' undefined
(Font)              using `JY1/hmc/bx/n' instead on input line 406.



File: fig/box3_sensor.pdf Graphic file (type pdf)
<fig/box3_sensor.pdf>

Overfull \hbox (0.52977pt too wide) in paragraph at lines 414--415
 [][] 
 []


LaTeX Font Warning: Font shape `JY1/hmc/b/n' undefined
(Font)              using `JY1/hmc/bx/n' instead on input line 415.


LaTeX Font Warning: Font shape `JY1/hmc/b/n' undefined
(Font)              using `JY1/hmc/bx/n' instead on input line 415.


LaTeX Font Warning: Font shape `JY1/hmc/b/n' undefined
(Font)              using `JY1/hmc/bx/n' instead on input line 415.


LaTeX Font Warning: Font shape `JY1/hmc/b/n' undefined
(Font)              using `JY1/hmc/bx/n' instead on input line 415.


LaTeX Font Warning: Font shape `JY1/hmc/b/n' undefined
(Font)              using `JY1/hmc/bx/n' instead on input line 420.


LaTeX Font Warning: Font shape `JY1/hmc/b/n' undefined
(Font)              using `JY1/hmc/bx/n' instead on input line 421.


LaTeX Font Warning: Font shape `JY1/hmc/b/n' undefined
(Font)              using `JY1/hmc/bx/n' instead on input line 429.

File: fig/box3_system.pdf Graphic file (type pdf)
<fig/box3_system.pdf>

Overfull \hbox (0.52977pt too wide) in paragraph at lines 433--434
 [][] 
 []


LaTeX Font Warning: Font shape `JY1/hmc/b/n' undefined
(Font)              using `JY1/hmc/bx/n' instead on input line 434.


LaTeX Font Warning: Font shape `JY1/hmc/b/n' undefined
(Font)              using `JY1/hmc/bx/n' instead on input line 434.


LaTeX Font Warning: Font shape `JY1/hmc/b/n' undefined
(Font)              using `JY1/hmc/bx/n' instead on input line 434.


LaTeX Font Warning: Font shape `JY1/hmc/b/n' undefined
(Font)              using `JY1/hmc/bx/n' instead on input line 434.

File: fig/3-map.pdf Graphic file (type pdf)
<fig/3-map.pdf>

Overfull \hbox (0.52977pt too wide) in paragraph at lines 440--441
 [][] 
 []


LaTeX Font Warning: Font shape `JY1/hmc/b/n' undefined
(Font)              using `JY1/hmc/bx/n' instead on input line 441.


LaTeX Font Warning: Font shape `JY1/hmc/b/n' undefined
(Font)              using `JY1/hmc/bx/n' instead on input line 441.


LaTeX Font Warning: Font shape `JY1/hmc/b/n' undefined
(Font)              using `JY1/hmc/bx/n' instead on input line 441.


LaTeX Font Warning: Font shape `JY1/hmc/b/n' undefined
(Font)              using `JY1/hmc/bx/n' instead on input line 441.


LaTeX Font Warning: Font shape `JY1/hmc/b/n' undefined
(Font)              using `JY1/hmc/bx/n' instead on input line 445.


LaTeX Font Warning: Font shape `JY1/hmc/b/n' undefined
(Font)              using `JY1/hmc/bx/n' instead on input line 453.



[4]
File: fig/blue_cut.pdf Graphic file (type pdf)
<fig/blue_cut.pdf>

Overfull \hbox (2.24039pt too wide) in paragraph at lines 461--462
 [][] 
 []


LaTeX Font Warning: Font shape `JY1/hmc/b/n' undefined
(Font)              using `JY1/hmc/bx/n' instead on input line 462.


LaTeX Font Warning: Font shape `JY1/hmc/b/n' undefined
(Font)              using `JY1/hmc/bx/n' instead on input line 462.

File: fig/red_cut.pdf Graphic file (type pdf)
<fig/red_cut.pdf>

Overfull \hbox (2.24039pt too wide) in paragraph at lines 467--468
 [][] 
 []


LaTeX Font Warning: Font shape `JY1/hmc/b/n' undefined
(Font)              using `JY1/hmc/bx/n' instead on input line 468.


LaTeX Font Warning: Font shape `JY1/hmc/b/n' undefined
(Font)              using `JY1/hmc/bx/n' instead on input line 468.


LaTeX Font Warning: Font shape `JY1/hmc/b/n' undefined
(Font)              using `JY1/hmc/bx/n' instead on input line 470.


LaTeX Font Warning: Font shape `JY1/hmc/b/n' undefined
(Font)              using `JY1/hmc/bx/n' instead on input line 470.


LaTeX Font Warning: Font shape `JY1/hmc/b/n' undefined
(Font)              using `JY1/hmc/bx/n' instead on input line 470.


LaTeX Font Warning: Font shape `JY1/hmc/b/n' undefined
(Font)              using `JY1/hmc/bx/n' instead on input line 470.


LaTeX Font Warning: Font shape `JY1/hmc/b/n' undefined
(Font)              using `JY1/hmc/bx/n' instead on input line 474.


LaTeX Font Warning: Font shape `JY1/hmc/b/n' undefined
(Font)              using `JY1/hmc/bx/n' instead on input line 477.


LaTeX Font Warning: Font shape `JY1/hmc/b/n' undefined
(Font)              using `JY1/hmc/bx/n' instead on input line 479.


LaTeX Font Warning: Font shape `JY1/hmc/b/n' undefined
(Font)              using `JY1/hmc/bx/n' instead on input line 480.


LaTeX Font Warning: Font shape `JY1/hmc/b/n' undefined
(Font)              using `JY1/hmc/bx/n' instead on input line 482.

File: fig/human.pdf Graphic file (type pdf)
<fig/human.pdf>

Overfull \hbox (0.52977pt too wide) in paragraph at lines 491--492
 [][] 
 []


LaTeX Font Warning: Font shape `JY1/hmc/b/n' undefined
(Font)              using `JY1/hmc/bx/n' instead on input line 492.


LaTeX Font Warning: Font shape `JY1/hmc/b/n' undefined
(Font)              using `JY1/hmc/bx/n' instead on input line 492.


LaTeX Font Warning: Font shape `JY1/hmc/b/n' undefined
(Font)              using `JY1/hmc/bx/n' instead on input line 492.


LaTeX Font Warning: Font shape `JY1/hmc/b/n' undefined
(Font)              using `JY1/hmc/bx/n' instead on input line 492.

File: fig/box3_1.pdf Graphic file (type pdf)
<fig/box3_1.pdf>

Overfull \hbox (0.52977pt too wide) in paragraph at lines 498--499
 [][] 
 []


LaTeX Font Warning: Font shape `JY1/hmc/b/n' undefined
(Font)              using `JY1/hmc/bx/n' instead on input line 499.


LaTeX Font Warning: Font shape `JY1/hmc/b/n' undefined
(Font)              using `JY1/hmc/bx/n' instead on input line 499.


LaTeX Font Warning: Font shape `JY1/hmc/b/n' undefined
(Font)              using `JY1/hmc/bx/n' instead on input line 499.


LaTeX Font Warning: Font shape `JY1/hmc/b/n' undefined
(Font)              using `JY1/hmc/bx/n' instead on input line 499.


Underfull \vbox (badness 10000) has occurred while \output is active []



File: fig/box3_2.pdf Graphic file (type pdf)
<fig/box3_2.pdf>

Overfull \hbox (0.52977pt too wide) in paragraph at lines 507--508
 [][] 
 []


LaTeX Font Warning: Font shape `JY1/hmc/b/n' undefined
(Font)              using `JY1/hmc/bx/n' instead on input line 508.


LaTeX Font Warning: Font shape `JY1/hmc/b/n' undefined
(Font)              using `JY1/hmc/bx/n' instead on input line 508.


LaTeX Font Warning: Font shape `JY1/hmc/b/n' undefined
(Font)              using `JY1/hmc/bx/n' instead on input line 508.


LaTeX Font Warning: Font shape `JY1/hmc/b/n' undefined
(Font)              using `JY1/hmc/bx/n' instead on input line 508.

File: fig/box3_3.pdf Graphic file (type pdf)
<fig/box3_3.pdf>

Overfull \hbox (0.52977pt too wide) in paragraph at lines 516--517
 [][] 
 []


LaTeX Font Warning: Font shape `JY1/hmc/b/n' undefined
(Font)              using `JY1/hmc/bx/n' instead on input line 517.


LaTeX Font Warning: Font shape `JY1/hmc/b/n' undefined
(Font)              using `JY1/hmc/bx/n' instead on input line 517.


LaTeX Font Warning: Font shape `JY1/hmc/b/n' undefined
(Font)              using `JY1/hmc/bx/n' instead on input line 517.


LaTeX Font Warning: Font shape `JY1/hmc/b/n' undefined
(Font)              using `JY1/hmc/bx/n' instead on input line 517.


LaTeX Font Warning: Font shape `JY1/hmc/b/n' undefined
(Font)              using `JY1/hmc/bx/n' instead on input line 523.


LaTeX Font Warning: Font shape `JY1/hmc/b/n' undefined
(Font)              using `JY1/hmc/bx/n' instead on input line 532.



[5]

LaTeX Font Warning: Font shape `JY1/hmc/b/n' undefined
(Font)              using `JY1/hmc/bx/n' instead on input line 541.

LaTeX Font Info:    Font shape `JT1/hgt/m/n' will be
(Font)              scaled to size 7.39746pt on input line 548.
LaTeX Font Info:    Font shape `JY1/hgt/m/n' will be
(Font)              scaled to size 7.39746pt on input line 548.
LaTeX Font Info:    Trying to load font information for T1+lmtt on input line 5
48.
(/usr/local/texlive/2024/texmf-dist/tex/latex/lm/t1lmtt.fd
File: t1lmtt.fd 2015/05/01 v1.6.1 Font defs for Latin Modern
)
Underfull \hbox (badness 10000) in paragraph at lines 657--660
[][][]$\T1/lmtt/m/n/8 https : / / turtlebot . github . io / turtlebot4-[]user-[
]manual /
 []


Underfull \vbox (badness 10000) has occurred while \output is active []




Underfull \hbox (badness 10000) in paragraph at lines 682--685
[][][]$\T1/lmtt/m/n/8 https : / / navigation . ros . org / configuration / pack
ages /
 []


Underfull \hbox (badness 10000) in paragraph at lines 687--690
[][][]$\T1/lmtt/m/n/8 https : / / navigation . ros . org / configuration / pack
ages /
 []

No complaints by nag.


[leftcolumn badness]: 1000000 on 19.6543pt
[rightcolumn badness]: 1000000 on 19.6543pt
[leftcolumn badness]: 1000000 on 19.6543pt
[rightcolumn badness]: 1000000 on 19.6543pt
- LAST -
Extra skip:1.99986pt
Left:575.76059pt/1.43193pt
Right:573.76073pt/1.43193pt
Split: 575.8803pt
Output:575.8803pt
Pageshrink: 0.0pt
Pagestretch: 0.0pt
@colht:794.68265pt
FLUSHEND [output]: 575.8803pt
FLUSHEND [leftcolumn badness]: 9
FUSHEND [rightcolumn badness]: 10000
[6] (./tc-2024-sympo-sample.aux)
 ***********
pLaTeX2e <2023-02-14>+1, based on
LaTeX2e <2024-11-01>
L3 programming layer <2024-11-02>
 ***********
Package rerunfilecheck Info: File `tc-2024-sympo-sample.out' has not changed.
(rerunfilecheck)             Checksum: 2138DB0FABDDC94D38BC3811DD1CA1BC;804.
 ) 
Here is how much of TeX's memory you used:
 20447 strings out of 474021
 376867 string characters out of 5736108
 808537 words of memory out of 5000000
 43242 multiletter control sequences out of 15000+600000
 622659 words of font info for 190 fonts, out of 8000000 for 9000
 934 hyphenation exceptions out of 8191
 88i,10n,94p,557b,1025s stack positions out of 10000i,1000n,20000p,200000b,200000s

Output written on tc-2024-sympo-sample.dvi (6 pages, 71132 bytes).
